// Jest Snapshot v1, https://goo.gl/fbAQLP

exports[`SystemInformation renders correctly 1`] = `
<div>
  <main
    class="nx-page-main"
  >
    <div
      class="nxrm-page-header"
    >
      <div
        class="nx-page-title"
      >
        <h1
          class="nx-h1 nx-feature-name"
        >
          <svg
            aria-hidden="true"
            class="svg-inline--fa fa-user-circle fa-w-16 nx-page-title__page-icon nx-icon"
            data-icon="user-circle"
            data-prefix="fas"
            focusable="false"
            role="img"
            viewBox="0 0 496 512"
            xmlns="http://www.w3.org/2000/svg"
          >
            <path
              d="M248 8C111 8 0 119 0 256s111 248 248 248 248-111 248-248S385 8 248 8zm0 96c48.6 0 88 39.4 88 88s-39.4 88-88 88-88-39.4-88-88 39.4-88 88-88zm0 344c-58.7 0-111.3-26.6-146.5-68.2 18.8-35.4 55.6-59.8 98.5-59.8 2.4 0 4.8.4 7.1 1.1 13 4.2 26.6 6.9 40.9 6.9 14.3 0 28-2.7 40.9-6.9 2.3-.7 4.7-1.1 7.1-1.1 42.9 0 79.7 24.4 98.5 59.8C359.3 421.4 306.7 448 248 448z"
              fill="currentColor"
            />
          </svg>
          <span>
            Support Request
          </span>
        </h1>
        <p
          class="nx-page-title__description nx-feature-description"
        >
          Submit a support request to TianheCloud
        </p>
      </div>
    </div>
    <div
      class="nxrm-content-body nxrm-support-request"
    >
      <div
        class="nxrm-section nx-tile"
      >
        <p>
          Please include a complete description of your problem and steps to allow us to reproduce the problem (if available).
        </p>
        <p>
          <a
            href="#admin/support/supportzip"
          >
            Attaching a support ZIP to your request will help our engineers give you a faster response.
          </a>
        </p>
        <button
          class="nx-btn nx-btn--primary"
        >
          <svg
            aria-hidden="true"
            class="svg-inline--fa fa-external-link-alt fa-w-18 nx-icon"
            data-icon="external-link-alt"
            data-prefix="fas"
            focusable="false"
            role="img"
            viewBox="0 0 576 512"
            xmlns="http://www.w3.org/2000/svg"
          >
            <path
              d="M576 24v127.984c0 21.461-25.96 31.98-40.971 16.971l-35.707-35.709-243.523 243.523c-9.373 9.373-24.568 9.373-33.941 0l-22.627-22.627c-9.373-9.373-9.373-24.569 0-33.941L442.756 76.676l-35.703-35.705C391.982 25.9 402.656 0 424.024 0H552c13.255 0 24 10.745 24 24zM407.029 270.794l-16 16A23.999 23.999 0 0 0 384 303.765V448H64V128h264a24.003 24.003 0 0 0 16.97-7.029l16-16C376.089 89.851 365.381 64 344 64H48C21.49 64 0 85.49 0 112v352c0 26.51 21.49 48 48 48h352c26.51 0 48-21.49 48-48V287.764c0-21.382-25.852-32.09-40.971-16.97z"
              fill="currentColor"
            />
          </svg>
          <span>
            Submit Request
          </span>
        </button>
      </div>
    </div>
  </main>
</div>
`;
